`torch_dtype` is deprecated! Use `dtype` instead!
Loading checkpoint shards:   0%|          | 0/5 [00:00<?, ?it/s]Loading checkpoint shards: 100%|██████████| 5/5 [00:00<00:00, 184.06it/s]
coverage-e71e9d979fe4ef708812 noise 13 natural_complete 2284
coverage-ed315404b8bdb233e504 noise 16 natural_complete coverage-6e014ed81bc159748eca 2393noise
 10 natural_complete 2446
coverage-720970c2be15c918c9b7 noise 7 natural_complete 3430
coverage-6f807a2b91ea441ea636 edit 1 natural_complete 1964
coverage-849c77330edcc2a3e20c noise 22 natural_complete 2966coverage-790f6b3b4a1d9ee4acad
 noise 19 natural_complete 2714
coverage-c9eafcb4d70a7480f0c2 edit 1 natural_complete 2791
coverage-dbcf7b85ab73f0ad0208 edit 1 natural_complete 2850
coverage-721da7c9c7086899f09c edit 1 natural_complete 3043
coverage-334182706ba6218c51cc edit 1 natural_complete 2999
coverage-ddf5d1f965c49c92e170 edit 1 natural_complete 2375
coverage-3a395cf5de76683b01dd coverage-3f307320634c72ad69cf noisenoise  148  natural_completenatural_complete  3120
3716
coverage-3caaf3c92c553d998ae7 noise 11 natural_complete 3586
coverage-8a5f00085d905605cb76 noise 17 natural_complete 3755
coverage-a062a2cf402eeee3a27f noise 20 natural_complete 3277
coverage-07ce9fa6164323619141 edit 2 coverage-34b68277799d79b0bf74natural_complete  edit2946 2
 natural_complete 3185
coverage-4cf648cd7f6eb83ac089 noise 23 natural_complete 3843
coverage-641742f033c82c35a683 edit 2 natural_complete 3798
coverage-3c765fd82976d7f93c02 edit 2 natural_complete 2862
coverage-fb40a763d19bb17660ce edit 2 natural_complete 3469
coverage-ee6454a74dfae8f513b0 edit 2 natural_complete 3246
coverage-03e7d4de129be1380cdc noise 12 natural_complete 1662
coverage-1db4672b0b4cdac0a44f noise 18 natural_complete 1537
coverage-069ba21a0fba8a74211a noise 9 natural_complete 1279
coverage-ab4f5108318608efa62d noise 15 natural_complete 1341
coverage-dbeb1d8e83721d05318c edit 0 natural_complete 2011coverage-d548a9a16cb1e108b424
 edit 0 natural_complete 1512
coverage-212e8380cdfb9b736815 edit 0 natural_complete 2887
coverage-f9a45e9f610f295e3916 noise 21 natural_complete 1501
coverage-b56d27e07e32a7c6b7f9coverage-b1e5ca8b0114717a2f62  editedit  0 0natural_complete  natural_complete1417 
coverage-157504cff2b44d2fea7b 1459
edit 0 natural_complete 1597
coverage-2f0eaf7270b1d6b12687 noise 7 natural_complete 3415
coverage-983b67022f80093f8027 noise 10 natural_complete 3734
coverage-ae139b7126e1977622bb noise 16 natural_complete 4292
coverage-c115b16a4fcdfb4099cf noise 13 natural_complete 3988
coverage-ddfece81c973c6cd377a noise 19 natural_complete 3840
coverage-19c817487b3b8551b600 edit 1 natural_complete 3937coverage-be1d363b41f1406a413b
 noise 22 natural_complete 3178
coverage-50f2a84c5b39c6cb40c2 edit 1 natural_complete 2697
coverage-588e943574cbf2d13180 edit 1 natural_complete 4519
coverage-3a54b850445c4be25fe8 edit 1coverage-6f6ce2bde2ed1729b9f7  edit natural_complete 4178
1 natural_complete 4203
coverage-d7a4b9344ae3ca34f802 edit 1 natural_complete 4237
coverage-5f264a1de1ddcec4f745 noise 8 natural_complete 3550
coverage-60df9d98a4f4c9d28cb4 noise 11 natural_complete 3052
coverage-61a6c5254d4f05c7504a noise 20 natural_complete 3615
coverage-91e32c01e650ce8fe297 noise 14 natural_complete 3489
coverage-888acd72bd9e2d1c1ee5 noise 17 natural_complete 4087
coverage-9a2223458a905f4c2685 noise 23 natural_complete 4136
coverage-51df446ee40cd06d1974 edit 2 natural_complete 4221
coverage-f46d9c0a55b90291fb31 edit 2 natural_complete 3883
coverage-f3cd5bf175c48aca24d5 edit 2 natural_complete 3512
coverage-c7aafde17fc73530bea7 noise 9 natural_complete 2274
coverage-742d4b8149cf4b711ace edit 2coverage-f7fcd387c1ea5854113b  natural_completeedit  30512
 natural_complete 3695
coverage-4cd98281e9f7b262ff34 edit 2 natural_complete 5160
coverage-284218d5b8b456c7ee49 noise 18 natural_complete 2291coverage-6090b20f7f6a842c23a8
 noise 21 natural_complete 2420
coverage-19c63e784671006d294e noise 15 natural_complete 1441
coverage-eddd23f333da08f8eb7d noise 12 natural_complete 2907
coverage-739e71a9622e864e7393 edit 0 natural_complete 1470
coverage-1d4a54950c36f83ce928 edit 0 natural_complete 2057
coverage-c8fcef05c372a40608b3 editcoverage-8d19dc2ce139a1c6b95f  0edit  natural_complete0  2315natural_complete
 1974
coverage-843d695a5f0e93e73780 edit 0 coverage-a748ff041d101f6fe6a2natural_complete  noise2459coverage-f7f44fb0ae5e7b1d5838  edit
 70  natural_completenatural_complete 2439 
2645
coverage-a474a9ce0b345a471d9c noise 10 natural_complete 2380
coverage-4c0bf1be515af199a3ee noise 22 natural_complete 2479
coverage-a8d35a9f3a193a949272 noise 19 natural_complete 1833
coverage-eb8d1f332463fb2d5d6ecoverage-543c66eee59743119fe3  noisenoise  1316  natural_completenatural_complete  19492376

coverage-7d31e509ae3036cd9c24 edit 1 natural_complete 2056
coverage-dad6d8ba1363126ca774coverage-af55f4d172590ecebbdb  editedit  11  natural_completenatural_complete  21671854

coverage-139884c380a2a1c6f843 edit 1 natural_complete 2483
coverage-255b3166228e7421d2ad editcoverage-02a2f8cf17a1690d744b  1noise  natural_complete coverage-f35ca8de4f1ea06a298611  2273natural_complete 
edit3303 
1 natural_complete 2408
coverage-9f945820250824edb651 noise 8 natural_complete 3838
coverage-4a585d97c5887aae3cf8 noise 17coverage-2277ec488763ff6d7c92  natural_completenoise 2580 
coverage-92b3dfeba166f39272ab23  noisenatural_complete  202848 
natural_complete 2735
coverage-b38c750deba9f67438fb noise 14 natural_complete 4441
coverage-58cb6df5794235f2be46 edit 2 natural_complete coverage-a5f02d14ab8b1ca8f98d2274
 edit 2 natural_complete 2802
coverage-88518a661c64754cae88 edit 2 natural_complete 2484
coverage-2adf5d44c309be5dda22 edit 2 natural_complete 3272
coverage-eca719aa782fd5e13e6b edit 2 natural_complete 3971
coverage-18ef6613bb0c2841db29 edit 2 natural_complete 4170
