`torch_dtype` is deprecated! Use `dtype` instead!
Loading checkpoint shards:   0%|          | 0/5 [00:00<?, ?it/s]Loading checkpoint shards: 100%|██████████| 5/5 [00:00<00:00, 185.11it/s]
coverage-8743537b1487195c41c7 noise 8 natural_complete 3569
coverage-b7bd876ff7b480787211 noise 17 natural_complete 3166
coverage-322f6677508c232b2dbc noise 11 natural_complete 3718
coverage-8fbcfd62126f3aec822f noise 14 natural_complete 4002
coverage-34f12a8697c7dedd23d9 noise 20 natural_complete 2573
coverage-2dab97c7644814f36283 edit 2 natural_complete 2082
coverage-aaae374797363e6426e2 edit 2 natural_complete 2518
coverage-e96389715328e5bc630f noise 23 natural_complete 3155
coverage-596cffea9d8638278773 edit coverage-3290032741cc43104d0b edit 2 natural_complete2  natural_complete 24642891

coverage-bc5ab0cea4a52ea73d22 edit 2 natural_complete 2422
coverage-672302109ff20eede3a4 edit 2 natural_complete 3349
coverage-2e1e063f9ef1a714edb7 noise coverage-6f1e746a120234a2bb9212  noisenatural_complete  332718
 natural_complete 3755
coverage-fb88af283a9f078c9169 noise 15 natural_complete 3372
coverage-7fcb796b41d7a0b89e30 noise 9 natural_complete 3752
coverage-d3329bdd165003e7021a edit 0 natural_complete 2903
coverage-735b5a84c888f4c35980coverage-4c495e2aedcae6a45563  editnoise  021  natural_completenatural_complete  3656coverage-2abd12168a4e63254ba53129
 
edit 0 natural_complete 3385
coverage-c06f441c32786a667661 noise 7 coverage-f64a54fe2f2b2bd9432c editnatural_complete 0  natural_complete 14543604

coverage-d00086c3da4e3c07383b edit 0 natural_complete 3652
coverage-7299f3d810c0943a444a edit 0 natural_complete 3243
coverage-4839020516f61f7139e4 noise 16 natural_complete 1692
coverage-bba34b934bb7262ddf64 noisecoverage-27e73a71c5d433d1fcb8 coverage-9d691b80cc27e56edd5c 13  noisenoise natural_complete 19 10 1579 natural_complete
natural_complete  14571457

coverage-379461f6c0f217f5b2f6 edit 1 natural_complete 1311
coverage-5411cad6591a728e74d0 edit 1 natural_complete 1665
coverage-8804fafd6e2fe2fa21cb noise 22 natural_complete 1302
coverage-8f5a835e1d59c3c8f5e5 edit 1 natural_complete 1990
coverage-ff2877ca108bd402517acoverage-00dde7b9f0547ef18897 edit  edit1coverage-4d1a51b4d21725012e05  natural_completeedit   11  1370natural_complete
 natural_complete1468
 1351
coverage-df1c615c430cef6f8a58 noise 8 natural_complete 3530
coverage-c3f757eb5d204c0da45c noise coverage-ff52f78b072311f32d4e noise 2014  natural_complete 4111
natural_complete 3941coverage-1f3527fb8bfa9f230cfb
 noise 17 natural_complete 3713
coverage-2d6584d6e6bf6b05cea8 noise 11 natural_complete 3168
coverage-ebc8c9d6f74eb7ae248b edit coverage-c1b693346bfd8a7e965e edit2  2natural_complete  natural_complete2443 
2158
coverage-6c27d80aa32aa2076f68 edit 2 natural_complete 3843
coverage-58d1686773d4ffc711c2 noise 23 natural_complete 3280
coverage-732fab7d33dee27d612b edit 2 natural_complete 3667
coverage-12d1ce22cdb3f1a813a7 edit 2 natural_complete 3013coverage-76597eee6192eb7e860c
 edit 2 natural_complete 2863
coverage-ca3a2e18e26a434d7a86 noise 9 natural_complete 3796
coverage-24952d28db55410880e5 noise 18 natural_completecoverage-f622f0fb135d6ec28ccb  3501noise
 12 natural_complete 3623
coverage-d9e4696b039888e2cb5b noise 21 natural_complete 4757
coverage-0f1b9d827add49b34717 noise 15 natural_complete 3717
coverage-6cc96e8dea31a3361f73 edit 0 natural_complete 2998
coverage-4d584a23a749b9e330adcoverage-f9efae20f1488b095977 edit  edit0  0natural_complete  natural_complete3582 
3670
coverage-ea39138da092efacbe42 edit 0 natural_complete 4145
coverage-84a7786de0ee969267ec coverage-c61bc9e2f72b483e7bc1 noisenoise  7 natural_complete 1800
10 natural_complete 1958
coverage-a5538486fe11414c8643 edit 0 natural_complete 5741
coverage-4f46288ccbb0b9ce25bf edit 0 natural_complete 6686
coverage-6682ed9ee4dce79a76cd noise 16 natural_complete 1340
coverage-10650fee8ff2abbf03aa noise coverage-657711743f8836d224f122  noisenatural_complete  133401 
natural_complete 2086
coverage-da763cf29d4e059b4e31 noise 19 natural_complete 1765
coverage-b0965fcd7e2987f8628f edit 1 natural_complete 2179
coverage-48210c5d71e6b2d6cd95 edit 1 natural_complete 2672
coverage-b2c7bedda02bb5163dae edit 1 natural_complete 2667
coverage-64e3496f476608357720 edit 1 natural_complete 2617
coverage-84fd096c51f507587846 edit 1 natural_complete 2742
coverage-c28261c47ba635a1ce8b edit 1 natural_complete 3373
coverage-2af200e1a9e07683ef15 noise 11 natural_complete 2101
coverage-3bf6221bdda1c1201523 noise 8 natural_complete 2261
coverage-b4cb6488f32e9af26899 noise 20 natural_completecoverage-cbfaa198f5d7311a6b55 noise  2210
14 natural_complete 2286
coverage-59aa3492b3a90096d46c noise 23 natural_complete 2425
coverage-6602ea75c02b038b3bc4 noise 17 natural_complete 2030
coverage-0d9d192909e769d7e3ac edit coverage-462076ab8f5ae18123492  edit natural_complete2  1516natural_complete 
2155coverage-79ad41aed46d895d71fb
 edit 2 natural_complete 2231
coverage-7bd166724557847f3f8b edit 2 natural_complete 2773
coverage-3f1769596c4f256128f6 edit 2 natural_complete 2288
coverage-d98c8d55f3f2d4b08611 edit 2 natural_complete 2396
coverage-85183e4a99474fc2f848 noise 9 natural_complete 2914
coverage-9cfe6d6764cdb47f7026 noise 12 natural_complete 2577
coverage-a0616d70976c805ef0b8 edit 0 natural_complete 2115
coverage-d7e8539ae8be5dd38459 noise 21 natural_complete 3225
coverage-39293f0228804d268ffd noise 18 natural_complete 3300
coverage-307b8512fb04dd67bf05 noise 15 natural_complete 3247
coverage-56af7371e9dcf83e4eb3 edit 0 natural_complete 3018
coverage-b47dc8d48abb20f3a163 edit 0 natural_complete 3175
coverage-ff54ae4c200bff867c0a edit 0 natural_complete 3210
coverage-eaaf32a662ce7a39baea edit 0 natural_complete 2709
coverage-bc9717903f04f10598b8 edit 0 natural_complete 3512
