`torch_dtype` is deprecated! Use `dtype` instead!
Loading checkpoint shards:   0%|          | 0/5 [00:00<?, ?it/s]Loading checkpoint shards: 100%|██████████| 5/5 [00:00<00:00, 188.59it/s]
coverage-1912458bbe4298d447c5coverage-4e8377b4896a44564c1f  noisenoise  918 coverage-ee6d4f81560238bc44d6  natural_completenatural_complete noise  264015
2972 
natural_complete 2567
coverage-c2c568176953a0b3e9ef noise 12 natural_complete 3130
coverage-c9ecc4c6e56fb72b24aa edit coverage-eddf94c2516639b7f7470 edit  0natural_complete natural_complete  2095
2381
coverage-991d66e078e9db315863 noise 21 natural_complete 2589
coverage-0e07954481d3a541e369 edit 0 natural_complete 2106
coverage-daa6942c3b300910c3de edit coverage-5ada82f2fd02e32184fa0  editnatural_complete  1806
0 natural_complete 1910
coverage-1dfaab3ecde5ef4313fb edit 0 natural_complete 2276
coverage-df26b88624b5fcf146bc noise 7 natural_complete 2738
coverage-f690dc6dc89f9cee2950 noise 19 natural_complete 2406
coverage-2e249d662bc3f0d7b972 noise 16 natural_complete 2936
coverage-a4483f2ef906de604d71 noise 13 natural_complete 2891
coverage-547da6a93f7521f15d97 noise 10 natural_complete 3328
coverage-5f5cfa03570f4ec1a454 editcoverage-a3d5436bfd29b3a356ce edit  11  natural_completenatural_complete  32333572

coverage-69aa569095ee3bb87dd6 edit 1 natural_complete 3766
coverage-f0116a2a65f0c9eec3db noise 22 natural_complete 3510
coverage-68aa8c7b40fabf512ffc noise 8 natural_completecoverage-fece80f05749dbdf222c  1293edit 1 natural_complete 
3061
coverage-b251ffd98486e5b446b5 edit 1 natural_complete 2925
coverage-2faeae5392e5e5c2e8a5 edit 1 natural_complete 4478
coverage-f1b9bdd061dacf57e438 noise 11 natural_complete 1448
coverage-9f35b4f3234c062dbfa9 noise 14 natural_complete 1918
coverage-f00a228106d027951b22 noise coverage-8c886355502589e6dbe217  noisenatural_complete  201422 
natural_complete 1530
coverage-9828e57480d746ef455d edit 2 natural_complete 1709
coverage-352a6c715cc0450e9bea noise 23 natural_complete 1638
coverage-36cfa48f78cc0e8448adcoverage-4ee02eb1c1a8be5935e9  editedit  22  natural_completenatural_complete  16661517

coverage-e64ce982a052946328b5 edit 2 natural_complete 1464
coverage-83dc0af928b6b513f255coverage-f15a714b1266fd4c2a11  editedit  22  natural_completenatural_complete  16921720

coverage-9567bae14dbd7a1bc3e9 noise 9 natural_complete 3250
coverage-660d32ae7e3fcf957725 noisecoverage-755ba1a2318c96c3cbc3  noise 1821  natural_completenatural_complete  33653080

coverage-0ad0b897c1f6cdebabfc noise 15 natural_complete 3303
coverage-d0eab4602bccd48e6025 noise 12 natural_complete 3763
coverage-2adb8d12b93179aa33c9 edit 0 natural_complete 3612
coverage-441b56f740e750a0c325 edit 0 natural_complete 2850
coverage-f16aea59e51884765ab2 edit 0 natural_complete 2533
coverage-5994f68404110b359c44 edit 0 natural_complete 3953
coverage-ed6086032d13a4039bef editcoverage-bc3ecfd94316aa9b3643 edit 0  0natural_complete  natural_complete 36923767

coverage-f5d0af0908009228cb2f noise 7 natural_complete 3885
coverage-9cc5ba4525363dd219f9 noise 10 natural_complete 4177
coverage-39c83e3aaf57f46e5096 noise 13coverage-fc33701e56cfc2a6717e  natural_completenoise  382122 natural_complete
 3232
coverage-7d62b2cf2ca4425f571b noise 19 natural_complete 4491
coverage-86b8fefc5198b920d02a noise 16 natural_complete 4299
coverage-3ed977cf68f729e4b535 edit 1 natural_complete 4760
coverage-1c155759a7dedcedb297coverage-adc75af84041653960f8  editedit  11  natural_completenatural_complete  35854964

coverage-5c9eb1cb969d386ce2ec edit 1 natural_complete 4287
coverage-33dc7d59859cda9d8b06 noise 8 natural_complete 1829
coverage-7208ceaf24bde24080d9 noise 11 natural_complete 2413
coverage-32a71b7e2a617bc258b8 edit 1 natural_complete 3824
coverage-85d86f503a0f6b3c50fa edit 1 natural_complete 4511
coverage-72143e7aa75a81eed9f5 noise 20 natural_complete 2416
coverage-8d38a1f34e99cacfb367 noise 23 natural_complete 1790
coverage-725f24deac2e100ee9ca noise 17 natural_complete 2694
coverage-42d9d36330da40b59702 noise 14 natural_complete 2910
coverage-f50614689293e48f2561 edit coverage-80a1ae837a631432fa032  editnatural_completecoverage-bb54c2d079b502270afd   edit2 13152 
 natural_completenatural_complete  16511494

coverage-4bd8d1acef615c7f375a edit 2 natural_complete 2245
coverage-3aedcb28bdc302d5699d coverage-cffb20d0efe275bfb29bnoise  edit 122  natural_completenatural_complete 2896 
2342
coverage-f887fdcfbe81ae372233 edit 2 natural_complete 2310
coverage-122ed052093cac8c676c noise 9 natural_complete 2518
coverage-85aec162b45b415817b9 edit 0 natural_complete 2470
coverage-801b3ef6fb9cdba9f8eb noise 15 natural_complete 2717
coverage-527598be47e0aea4a4ea noise 18 natural_complete 1862
coverage-ba656d28371118f548c5 noise 21 natural_complete 3071
coverage-7eae727e08963feef5e2 edit 0 natural_complete 1742coverage-6f91b5ced4031bf0756b
 edit 0 natural_complete 1940
coverage-8173b382b6b9fa0b9354 edit 0 natural_complete 2262
coverage-f600c6e26b2d80658e86 edit 0 natural_complete 2681
coverage-19f6b86ffbf9f00fb0db noise 13 natural_complete coverage-778a255ed3520b54d6c13366coverage-c0bfbb7f4d2ec2ce1b88  
noiseedit  100  natural_completenatural_complete  2139coverage-3e4ede4320c2d6931f422405
 noise 
7 natural_complete 3861
coverage-d845741277760e65340a edit 1 natural_completecoverage-25dae79b2f87a65bab0b  3094noise
 19 natural_complete 2430
coverage-b8f0c3a9d68cd8c70edc noise 22 natural_complete 3883
coverage-054afa0f0bbcc648473b noise 16 natural_complete 3660
coverage-99b1b4a38feaf003a51a edit 1 natural_complete coverage-5975cbb4bf07365f20673001 
edit 1 natural_completecoverage-a1741378e43712393599 edit  31621
 natural_complete 2569
coverage-95f3bf1c0a04b378db1b edit 1 natural_complete 4473
coverage-af395cc3e40757cc7436 edit 1 natural_complete 3578
