`torch_dtype` is deprecated! Use `dtype` instead!
WARNING: All log messages before absl::InitializeLog() is called are written to STDERR
I0000 00:00:1790497741.381563  345003 port.cc:153] oneDNN custom operations are on. You may see slightly different numerical results due to floating-point round-off errors from different computation orders. To turn them off, set the environment variable `TF_ENABLE_ONEDNN_OPTS=0`.
I0000 00:00:1790497741.437257  345003 cpu_feature_guard.cc:227] This TensorFlow binary is optimized to use available CPU instructions in performance-critical operations.
To enable the following instructions: AVX2 AVX512F AVX512_VNNI AVX512_BF16 FMA, in other operations, rebuild TensorFlow with the appropriate compiler flags.
WARNING: All log messages before absl::InitializeLog() is called are written to STDERR
I0000 00:00:1790497742.238140  345003 port.cc:153] oneDNN custom operations are on. You may see slightly different numerical results due to floating-point round-off errors from different computation orders. To turn them off, set the environment variable `TF_ENABLE_ONEDNN_OPTS=0`.
I0000 00:00:1790497742.239111  345003 cudart_stub.cc:31] Could not find cuda drivers on your machine, GPU will not be used.
Loading checkpoint shards:   0%|          | 0/5 [00:00<?, ?it/s]Loading checkpoint shards: 100%|██████████| 5/5 [00:00<00:00, 266.13it/s]
Traceback (most recent call last):
  File "<frozen runpy>", line 198, in _run_module_as_main
  File "<frozen runpy>", line 88, in _run_code
  File "/home/wja/reasoning-diff-pr2-run/src/reasoning_diff/__main__.py", line 4, in <module>
    raise SystemExit(main())
                     ~~~~^^
  File "/home/wja/reasoning-diff-pr2-run/src/reasoning_diff/cli.py", line 2026, in main
    return args.func(args)
           ~~~~~~~~~^^^^^^
  File "/home/wja/reasoning-diff-pr2-run/src/reasoning_diff/cli.py", line 595, in cmd_prepare
    raise ValueError("scientific prepare: invalid traces (" + "; ".join(details) + ")")
ValueError: scientific prepare: invalid traces (parse_failed=trace-base:2,trace-base:3,trace-edit:3,trace-base:5,trace-edit:5,trace-base:6,trace-base:7,trace-edit:7,trace-edit:8,trace-base:11,trace-edit:11,trace-base:12,trace-base:13,trace-base:14,trace-edit:14,trace-base:15,trace-edit:15,trace-base:16,trace-edit:16,trace-base:17,trace-edit:17,trace-base:18,trace-base:19,trace-base:21,trace-base:22,trace-edit:22,trace-base:23,trace-edit:24,trace-base:26,trace-edit:26,trace-edit:27,trace-base:28,trace-edit:28,trace-base:31,trace-base:32,trace-base:33,trace-base:34,trace-base:35,trace-edit:35,trace-base:36,trace-edit:36,trace-edit:38,trace-base:39,trace-edit:39,trace-base:40,trace-edit:40,trace-edit:41,trace-base:43,trace-base:44,trace-base:45,trace-edit:45,trace-base:46,trace-base:47,trace-edit:47,trace-base:48,trace-edit:48,trace-base:51,trace-edit:51,trace-base:52,trace-edit:52,trace-base:54,trace-base:56,trace-edit:56,trace-edit:57,trace-base:58,trace-edit:58,trace-edit:59,trace-edit:62,trace-base:63,trace-base:64,trace-edit:64,trace-base:68,trace-edit:68,trace-base:69,trace-edit:69,trace-base:70,trace-edit:70,trace-base:71,trace-base:72,trace-edit:75,trace-base:77,trace-edit:77,trace-base:78,trace-edit:78,trace-edit:80,trace-base:81,trace-edit:81,trace-base:82,trace-edit:82,trace-base:83,trace-base:84,trace-base:85,trace-edit:85,trace-base:88,trace-edit:88,trace-edit:89,trace-base:90,trace-edit:90,trace-edit:92,trace-base:94,trace-edit:94,trace-base:95,trace-edit:95,trace-base:96,trace-base:97,trace-base:99,trace-edit:99,trace-base:100,trace-edit:100,trace-edit:101,trace-edit:105,trace-base:107,trace-edit:107,trace-edit:108,trace-base:109,trace-edit:109,trace-base:110,trace-edit:110,trace-base:111,trace-edit:111,trace-base:113,trace-edit:113,trace-edit:115,trace-base:116,trace-edit:116,trace-base:117,trace-base:119,trace-edit:119,trace-edit:123,trace-base:125,trace-edit:125,trace-edit:126,trace-base:127,trace-edit:129,trace-edit:131,trace-base:132,trace-base:134,trace-edit:134,trace-base:136,trace-edit:136,trace-edit:137,trace-base:138,trace-base:139,trace-base:142,trace-base:144,trace-edit:144,trace-base:146,trace-edit:146,trace-base:148,trace-edit:148,trace-edit:149,trace-base:150,trace-edit:150,trace-base:151,trace-edit:151,trace-base:153,trace-edit:153,trace-edit:154,trace-base:155,trace-edit:158,trace-base:159,trace-edit:159,trace-base:160,trace-base:161,trace-edit:161,trace-edit:163,trace-base:164,trace-base:166,trace-edit:166,trace-base:168,trace-edit:168,trace-base:169,trace-edit:169,trace-edit:170,trace-edit:172,trace-base:174,trace-edit:174,trace-base:176,trace-edit:176,trace-edit:181,trace-base:182,trace-edit:182,trace-base:184,trace-base:187,trace-base:188,trace-edit:188,trace-base:189,trace-edit:189,trace-base:190,trace-base:191,trace-edit:192,trace-edit:197,trace-base:199,trace-edit:200,trace-base:201,trace-base:203,trace-edit:203,trace-base:204,trace-edit:204,trace-base:206,trace-base:208,trace-base:209,trace-edit:210,trace-edit:213,trace-edit:215,trace-edit:216,trace-base:217,trace-edit:217,trace-base:221,trace-edit:221,trace-base:222,trace-edit:222,trace-base:223,trace-edit:224,trace-base:225,trace-edit:225,trace-base:226,trace-base:227,trace-edit:227,trace-base:228,trace-edit:228,trace-base:229,trace-edit:229,trace-base:230,trace-edit:230,trace-base:232,trace-base:233,trace-edit:233,trace-base:234,trace-base:236,trace-edit:236,trace-base:237,trace-edit:238,trace-base:239,trace-edit:239,trace-base:240,trace-base:242,trace-edit:242,trace-base:243,trace-edit:243,trace-base:245,trace-base:246,trace-edit:246,trace-base:248)
