`torch_dtype` is deprecated! Use `dtype` instead!
WARNING: All log messages before absl::InitializeLog() is called are written to STDERR
I0000 00:00:1790497759.320995  345916 port.cc:153] oneDNN custom operations are on. You may see slightly different numerical results due to floating-point round-off errors from different computation orders. To turn them off, set the environment variable `TF_ENABLE_ONEDNN_OPTS=0`.
I0000 00:00:1790497759.375625  345916 cpu_feature_guard.cc:227] This TensorFlow binary is optimized to use available CPU instructions in performance-critical operations.
To enable the following instructions: AVX2 AVX512F AVX512_VNNI AVX512_BF16 FMA, in other operations, rebuild TensorFlow with the appropriate compiler flags.
WARNING: All log messages before absl::InitializeLog() is called are written to STDERR
I0000 00:00:1790497760.259379  345916 port.cc:153] oneDNN custom operations are on. You may see slightly different numerical results due to floating-point round-off errors from different computation orders. To turn them off, set the environment variable `TF_ENABLE_ONEDNN_OPTS=0`.
I0000 00:00:1790497760.284035  345916 cudart_stub.cc:31] Could not find cuda drivers on your machine, GPU will not be used.
Loading checkpoint shards:   0%|          | 0/5 [00:00<?, ?it/s]Loading checkpoint shards: 100%|██████████| 5/5 [00:00<00:00, 245.35it/s]
Traceback (most recent call last):
  File "<frozen runpy>", line 198, in _run_module_as_main
  File "<frozen runpy>", line 88, in _run_code
  File "/home/wja/reasoning-diff-pr2-run/src/reasoning_diff/__main__.py", line 4, in <module>
    raise SystemExit(main())
                     ~~~~^^
  File "/home/wja/reasoning-diff-pr2-run/src/reasoning_diff/cli.py", line 2026, in main
    return args.func(args)
           ~~~~~~~~~^^^^^^
  File "/home/wja/reasoning-diff-pr2-run/src/reasoning_diff/cli.py", line 595, in cmd_prepare
    raise ValueError("scientific prepare: invalid traces (" + "; ".join(details) + ")")
ValueError: scientific prepare: invalid traces (parse_failed=trace-base,trace-t0p,trace-edit,trace-edit:igsm-official-0250-op15:p_0_2_0_0:0,trace-base:1,trace-base:2,trace-edit:2,trace-base:7,trace-base:8,trace-base:9,trace-edit:9,trace-base:10,trace-edit:10,trace-base:11,trace-base:12,trace-base:13,trace-edit:13,trace-edit:15,trace-base:16,trace-edit:16,trace-base:17,trace-base:18,trace-edit:18,trace-base:19,trace-base:22,trace-edit:22,trace-edit:23,trace-base:24,trace-base:25,trace-edit:25,trace-base:26,trace-edit:26,trace-base:27,trace-base:28,trace-edit:28,trace-base:29,trace-base:30,trace-edit:30,trace-base:31,trace-edit:31,trace-edit:32,trace-base:33,trace-edit:33,trace-edit:36,trace-edit:37,trace-base:38,trace-edit:38,trace-base:39,trace-edit:39,trace-base:40,trace-edit:43,trace-edit:46,trace-base:47,trace-edit:47,trace-base:48,trace-edit:48,trace-edit:51,trace-base:53,trace-edit:53,trace-base:54,trace-edit:54,trace-base:55,trace-edit:55,trace-base:56,trace-base:60,trace-base:62,trace-edit:62,trace-base:63,trace-edit:63,trace-base:64,trace-edit:65,trace-base:66,trace-edit:66,trace-edit:67,trace-base:70,trace-edit:70,trace-base:71,trace-edit:71,trace-base:72,trace-edit:72,trace-base:76,trace-base:78,trace-edit:79,trace-base:80,trace-edit:80,trace-edit:81,trace-base:82,trace-base:83,trace-edit:84,trace-base:87,trace-edit:87,trace-base:88,trace-edit:88,trace-base:90,trace-base:94,trace-base:95,trace-edit:95,trace-base:96,trace-base:97,trace-edit:97,trace-base:98,trace-edit:98,trace-base:100,trace-edit:100,trace-base:101,trace-edit:101,trace-base:102,trace-edit:102,trace-edit:105,trace-base:106,trace-edit:106,trace-base:107,trace-base:108,trace-edit:108,trace-base:109,trace-edit:109,trace-edit:110,trace-base:111,trace-edit:111,trace-edit:112,trace-edit:116,trace-edit:119,trace-edit:120,trace-base:122,trace-edit:122,trace-base:123,trace-edit:123,trace-base:124,trace-edit:124,trace-base:125,trace-edit:125,trace-base:128,trace-base:129,trace-edit:129,trace-base:131,trace-edit:131,trace-base:133,trace-base:136,trace-edit:136,trace-base:138,trace-base:139,trace-edit:139,trace-edit:141,trace-base:142,trace-edit:142,trace-base:143,trace-edit:144,trace-base:145,trace-edit:145,trace-base:146,trace-edit:146,trace-base:148,trace-base:150,trace-edit:150,trace-base:151,trace-edit:151,trace-base:153,trace-base:154,trace-edit:154,trace-base:155,trace-edit:155,trace-base:156,trace-edit:156,trace-base:158,trace-edit:158,trace-base:159,trace-edit:159,trace-base:160,trace-edit:160,trace-base:161,trace-base:163,trace-base:164,trace-edit:164,trace-edit:165,trace-base:167,trace-base:168,trace-edit:168,trace-base:169,trace-base:172,trace-edit:172,trace-edit:174,trace-base:177,trace-edit:177,trace-base:178,trace-edit:178,trace-base:179,trace-edit:179,trace-edit:181,trace-base:182,trace-edit:182,trace-base:183,trace-base:185,trace-edit:185,trace-base:186,trace-base:187,trace-base:189,trace-edit:189,trace-base:190,trace-edit:190,trace-edit:191,trace-base:192,trace-base:193,trace-base:194,trace-base:195,trace-edit:195,trace-edit:196,trace-base:197,trace-edit:197,trace-base:199,trace-base:200,trace-base:201,trace-edit:201,trace-base:206,trace-edit:206,trace-base:208,trace-edit:208,trace-edit:210,trace-base:214,trace-edit:214,trace-base:215,trace-edit:215,trace-base:217,trace-edit:217,trace-base:218,trace-edit:218,trace-base:219,trace-edit:219,trace-edit:220,trace-base:221,trace-edit:221,trace-base:222,trace-edit:223,trace-base:224,trace-base:227,trace-edit:227,trace-base:228,trace-edit:229,trace-base:230,trace-edit:230,trace-base:231,trace-edit:231,trace-edit:232,trace-base:233,trace-edit:234,trace-base:235,trace-edit:235,trace-base:237,trace-edit:237,trace-edit:238,trace-base:240,trace-base:241,trace-edit:241,trace-base:243,trace-edit:243,trace-base:245,trace-edit:245,trace-edit:246,trace-base:247,trace-base:249,trace-edit:249)
