EE                                                                       [100%]
==================================== ERRORS ====================================
_ ERROR at setup of test_expansion_registers_all_values_and_noise_before_outcomes _
tests/test_natural_coverage_extension.py:13: in coverage
    return importlib.import_module('extend_natural_coverage')
           ^^^^^^^^^^^^^^^^^^^^^^^^^^^^^^^^^^^^^^^^^^^^^^^^^^
/home/zm/.local/share/uv/python/cpython-3.11.15-linux-x86_64-gnu/lib/python3.11/importlib/__init__.py:126: in import_module
    return _bootstrap._gcd_import(name[level:], package, level)
           ^^^^^^^^^^^^^^^^^^^^^^^^^^^^^^^^^^^^^^^^^^^^^^^^^^^^
<frozen importlib._bootstrap>:1204: in _gcd_import
    ???
<frozen importlib._bootstrap>:1176: in _find_and_load
    ???
<frozen importlib._bootstrap>:1140: in _find_and_load_unlocked
    ???
E   ModuleNotFoundError: No module named 'extend_natural_coverage'
_ ERROR at setup of test_repeat_measurement_preserves_denominator_and_unique_observations _
tests/test_natural_coverage_extension.py:13: in coverage
    return importlib.import_module('extend_natural_coverage')
           ^^^^^^^^^^^^^^^^^^^^^^^^^^^^^^^^^^^^^^^^^^^^^^^^^^
/home/zm/.local/share/uv/python/cpython-3.11.15-linux-x86_64-gnu/lib/python3.11/importlib/__init__.py:126: in import_module
    return _bootstrap._gcd_import(name[level:], package, level)
           ^^^^^^^^^^^^^^^^^^^^^^^^^^^^^^^^^^^^^^^^^^^^^^^^^^^^
<frozen importlib._bootstrap>:1204: in _gcd_import
    ???
<frozen importlib._bootstrap>:1176: in _find_and_load
    ???
<frozen importlib._bootstrap>:1140: in _find_and_load_unlocked
    ???
E   ModuleNotFoundError: No module named 'extend_natural_coverage'
=========================== short test summary info ============================
ERROR tests/test_natural_coverage_extension.py::test_expansion_registers_all_values_and_noise_before_outcomes
ERROR tests/test_natural_coverage_extension.py::test_repeat_measurement_preserves_denominator_and_unique_observations
2 errors in 0.09s
